// Jest Snapshot v1, https://goo.gl/fbAQLP

exports[`MainNav render renders the nav bar containing the site title and load button 1`] = `
<Navbar
  bg="dark"
  className="justify-content-between"
  collapseOnSelect={false}
  expand={true}
  variant="dark"
>
  <NavbarBrand>
    EOS Block Viewer
  </NavbarBrand>
  <Button
    active={false}
    disabled={false}
    onClick={[MockFunction]}
    type="button"
    variant="primary"
  >
    Load
  </Button>
</Navbar>
`;
