// Jest Snapshot v1, https://goo.gl/fbAQLP

exports[`SummaryBlockRow render renders the block's id, timestamp, and the number of actions 1`] = `
<tr
  onClick={[MockFunction]}
>
  <td>
    asdfasdf
  </td>
  <td>
    this is the local representation of datetime
  </td>
  <td>
    0
  </td>
</tr>
`;
